51.222.253.18 - - [07/Dec/2024:01:01:43 -0800] "GET /self.logs/2015/error.log.2015-10-23.gz HTTP/1.1" 200 811 "-" "Mozilla/5.0 (compatible; AhrefsBot/7.0; +http://ahrefs.com/robot/)" 
34.105.104.56 - - [07/Dec/2024:01:09:16 -0800] "GET /access.log.2019-03-26.gz HTTP/1.1" 404 284 "-" "Mozilla/5.0 (Macintosh; Intel Mac OS X 10.15; rv:124.0) Gecko/20100101 Firefox/124.0" 
102.129.145.10 - - [07/Dec/2024:01:09:48 -0800] "GET / HTTP/1.1" 301 475 "-" "Mozilla/5.0 (Windows; U; Windows NT 6.1; en-US; rv:1.9.1.5) Gecko/20091102 Firefox/3.5.5 (.NET CLR 3.5.30729)" 
102.129.145.10 - - [07/Dec/2024:01:09:48 -0800] "GET / HTTP/1.1" 200 13185 "-" "Mozilla/5.0 (Windows; U; Windows NT 6.1; en-US; rv:1.9.1.5) Gecko/20091102 Firefox/3.5.5 (.NET CLR 3.5.30729)" 
51.222.253.9 - - [07/Dec/2024:01:12:48 -0800] "GET /self.logs/2015/error.log.2015-09-20.gz HTTP/1.1" 200 855 "-" "Mozilla/5.0 (compatible; AhrefsBot/7.0; +http://ahrefs.com/robot/)" 
51.222.253.14 - - [07/Dec/2024:01:17:13 -0800] "GET /self.logs/2015/access.log.2015-07-12.gz HTTP/1.1" 200 4586 "-" "Mozilla/5.0 (compatible; AhrefsBot/7.0; +http://ahrefs.com/robot/)" 
34.75.64.58 - - [07/Dec/2024:01:17:53 -0800] "GET / HTTP/1.1" 301 475 "-" "Mozilla/5.0 (Windows NT 10.0; Win64; x64) AppleWebKit/537.36 (KHTML, like Gecko) Chrome/78.0.3904.108 Safari/537.36" 
34.75.64.58 - - [07/Dec/2024:01:17:53 -0800] "GET / HTTP/1.1" 429 486 "-" "Mozilla/5.0 (Windows NT 10.0; Win64; x64) AppleWebKit/537.36 (KHTML, like Gecko) Chrome/78.0.3904.108 Safari/537.36" 
34.75.64.58 - - [07/Dec/2024:01:17:54 -0800] "GET //wp-includes/wlwmanifest.xml HTTP/1.1" 429 485 "-" "Mozilla/5.0 (Windows NT 10.0; Win64; x64) AppleWebKit/537.36 (KHTML, like Gecko) Chrome/78.0.3904.108 Safari/537.36" 
34.75.64.58 - - [07/Dec/2024:01:17:54 -0800] "GET //xmlrpc.php?rsd HTTP/1.1" 429 485 "-" "Mozilla/5.0 (Windows NT 10.0; Win64; x64) AppleWebKit/537.36 (KHTML, like Gecko) Chrome/78.0.3904.108 Safari/537.36" 
34.75.64.58 - - [07/Dec/2024:01:17:54 -0800] "GET / HTTP/1.1" 429 485 "-" "Mozilla/5.0 (Windows NT 10.0; Win64; x64) AppleWebKit/537.36 (KHTML, like Gecko) Chrome/78.0.3904.108 Safari/537.36" 
34.75.64.58 - - [07/Dec/2024:01:17:54 -0800] "GET //blog/wp-includes/wlwmanifest.xml HTTP/1.1" 429 485 "-" "Mozilla/5.0 (Windows NT 10.0; Win64; x64) AppleWebKit/537.36 (KHTML, like Gecko) Chrome/78.0.3904.108 Safari/537.36" 
34.75.64.58 - - [07/Dec/2024:01:17:54 -0800] "GET //web/wp-includes/wlwmanifest.xml HTTP/1.1" 429 485 "-" "Mozilla/5.0 (Windows NT 10.0; Win64; x64) AppleWebKit/537.36 (KHTML, like Gecko) Chrome/78.0.3904.108 Safari/537.36" 
34.75.64.58 - - [07/Dec/2024:01:17:54 -0800] "GET //wordpress/wp-includes/wlwmanifest.xml HTTP/1.1" 429 485 "-" "Mozilla/5.0 (Windows NT 10.0; Win64; x64) AppleWebKit/537.36 (KHTML, like Gecko) Chrome/78.0.3904.108 Safari/537.36" 
34.75.64.58 - - [07/Dec/2024:01:17:54 -0800] "GET //website/wp-includes/wlwmanifest.xml HTTP/1.1" 429 485 "-" "Mozilla/5.0 (Windows NT 10.0; Win64; x64) AppleWebKit/537.36 (KHTML, like Gecko) Chrome/78.0.3904.108 Safari/537.36" 
34.75.64.58 - - [07/Dec/2024:01:17:54 -0800] "GET //wp/wp-includes/wlwmanifest.xml HTTP/1.1" 429 485 "-" "Mozilla/5.0 (Windows NT 10.0; Win64; x64) AppleWebKit/537.36 (KHTML, like Gecko) Chrome/78.0.3904.108 Safari/537.36" 
34.75.64.58 - - [07/Dec/2024:01:17:54 -0800] "GET //news/wp-includes/wlwmanifest.xml HTTP/1.1" 429 485 "-" "Mozilla/5.0 (Windows NT 10.0; Win64; x64) AppleWebKit/537.36 (KHTML, like Gecko) Chrome/78.0.3904.108 Safari/537.36" 
34.75.64.58 - - [07/Dec/2024:01:17:54 -0800] "GET //2018/wp-includes/wlwmanifest.xml HTTP/1.1" 429 485 "-" "Mozilla/5.0 (Windows NT 10.0; Win64; x64) AppleWebKit/537.36 (KHTML, like Gecko) Chrome/78.0.3904.108 Safari/537.36" 
34.75.64.58 - - [07/Dec/2024:01:17:54 -0800] "GET //2019/wp-includes/wlwmanifest.xml HTTP/1.1" 429 485 "-" "Mozilla/5.0 (Windows NT 10.0; Win64; x64) AppleWebKit/537.36 (KHTML, like Gecko) Chrome/78.0.3904.108 Safari/537.36" 
34.75.64.58 - - [07/Dec/2024:01:17:54 -0800] "GET //shop/wp-includes/wlwmanifest.xml HTTP/1.1" 429 485 "-" "Mozilla/5.0 (Windows NT 10.0; Win64; x64) AppleWebKit/537.36 (KHTML, like Gecko) Chrome/78.0.3904.108 Safari/537.36" 
34.75.64.58 - - [07/Dec/2024:01:17:54 -0800] "GET //wp1/wp-includes/wlwmanifest.xml HTTP/1.1" 429 485 "-" "Mozilla/5.0 (Windows NT 10.0; Win64; x64) AppleWebKit/537.36 (KHTML, like Gecko) Chrome/78.0.3904.108 Safari/537.36" 
34.75.64.58 - - [07/Dec/2024:01:17:54 -0800] "GET //test/wp-includes/wlwmanifest.xml HTTP/1.1" 429 485 "-" "Mozilla/5.0 (Windows NT 10.0; Win64; x64) AppleWebKit/537.36 (KHTML, like Gecko) Chrome/78.0.3904.108 Safari/537.36" 
34.75.64.58 - - [07/Dec/2024:01:17:54 -0800] "GET //media/wp-includes/wlwmanifest.xml HTTP/1.1" 429 485 "-" "Mozilla/5.0 (Windows NT 10.0; Win64; x64) AppleWebKit/537.36 (KHTML, like Gecko) Chrome/78.0.3904.108 Safari/537.36" 
34.75.64.58 - - [07/Dec/2024:01:17:54 -0800] "GET //wp2/wp-includes/wlwmanifest.xml HTTP/1.1" 429 485 "-" "Mozilla/5.0 (Windows NT 10.0; Win64; x64) AppleWebKit/537.36 (KHTML, like Gecko) Chrome/78.0.3904.108 Safari/537.36" 
34.75.64.58 - - [07/Dec/2024:01:17:54 -0800] "GET //site/wp-includes/wlwmanifest.xml HTTP/1.1" 429 485 "-" "Mozilla/5.0 (Windows NT 10.0; Win64; x64) AppleWebKit/537.36 (KHTML, like Gecko) Chrome/78.0.3904.108 Safari/537.36" 
34.75.64.58 - - [07/Dec/2024:01:17:54 -0800] "GET //cms/wp-includes/wlwmanifest.xml HTTP/1.1" 429 485 "-" "Mozilla/5.0 (Windows NT 10.0; Win64; x64) AppleWebKit/537.36 (KHTML, like Gecko) Chrome/78.0.3904.108 Safari/537.36" 
34.75.64.58 - - [07/Dec/2024:01:17:54 -0800] "GET //sito/wp-includes/wlwmanifest.xml HTTP/1.1" 429 485 "-" "Mozilla/5.0 (Windows NT 10.0; Win64; x64) AppleWebKit/537.36 (KHTML, like Gecko) Chrome/78.0.3904.108 Safari/537.36" 
51.222.253.16 - - [07/Dec/2024:01:21:56 -0800] "GET /self.logs/2015/access.log.2015-04-27.gz HTTP/1.1" 200 7336 "-" "Mozilla/5.0 (compatible; AhrefsBot/7.0; +http://ahrefs.com/robot/)" 
198.235.24.58 - - [07/Dec/2024:01:22:33 -0800] "GET / HTTP/1.1" 200 49089 "-" "-" 
51.222.253.1 - - [07/Dec/2024:01:32:15 -0800] "GET /self.logs/2015/access.log.2015-03-10.gz HTTP/1.1" 200 13399 "-" "Mozilla/5.0 (compatible; AhrefsBot/7.0; +http://ahrefs.com/robot/)" 
223.72.24.55 - - [07/Dec/2024:01:35:59 -0800] "GET /bootstrap/img/favicon.ico HTTP/1.1" 200 713 "-" "Mozilla/5.0 (Macintosh; Intel Mac OS X 10_15_7) AppleWebKit/537.36 (KHTML, like Gecko) Chrome/121.0.0.0 Safari/537.36 SamanthaDoubao/1.33.9" 
51.222.253.7 - - [07/Dec/2024:01:37:03 -0800] "GET /self.logs/2015/access.log.2015-06-08.gz HTTP/1.1" 200 4234 "-" "Mozilla/5.0 (compatible; AhrefsBot/7.0; +http://ahrefs.com/robot/)" 
20.191.45.212 - - [07/Dec/2024:01:37:42 -0800] "GET / HTTP/1.1" 200 13185 "http://www.secrepo.com/" "DuckDuckBot/1.1; (+http://duckduckgo.com/duckduckbot.html)" 
20.191.45.212 - - [07/Dec/2024:01:37:42 -0800] "GET /bootstrap/img/favicon.ico HTTP/1.1" 200 690 "http://www.secrepo.com/bootstrap/img/favicon.ico" "DuckDuckBot/1.1; (+http://duckduckgo.com/duckduckbot.html)" 
35.82.29.86 - - [07/Dec/2024:01:41:36 -0800] "HEAD /wordpress HTTP/1.1" 301 176 "-" "Mozilla/5.0 (Windows NT 10.0; Win64; x64) AppleWebKit/537.36 (KHTML, like Gecko) Chrome/74.0.3729.169 Safari/537.36" 
35.82.29.86 - - [07/Dec/2024:01:41:37 -0800] "HEAD /wordpress HTTP/1.1" 429 182 "http://secrepo.com/wordpress" "Mozilla/5.0 (Windows NT 10.0; Win64; x64) AppleWebKit/537.36 (KHTML, like Gecko) Chrome/74.0.3729.169 Safari/537.36" 
35.82.29.86 - - [07/Dec/2024:01:41:37 -0800] "HEAD / HTTP/1.1" 301 167 "-" "Mozilla/5.0 (Windows NT 10.0; Win64; x64) AppleWebKit/537.36 (KHTML, like Gecko) Chrome/74.0.3729.169 Safari/537.36" 
35.82.29.86 - - [07/Dec/2024:01:41:37 -0800] "HEAD / HTTP/1.1" 429 182 "http://secrepo.com/" "Mozilla/5.0 (Windows NT 10.0; Win64; x64) AppleWebKit/537.36 (KHTML, like Gecko) Chrome/74.0.3729.169 Safari/537.36" 
35.82.29.86 - - [07/Dec/2024:01:41:37 -0800] "HEAD /wp HTTP/1.1" 301 169 "-" "Mozilla/5.0 (Windows NT 10.0; Win64; x64) AppleWebKit/537.36 (KHTML, like Gecko) Chrome/74.0.3729.169 Safari/537.36" 
35.82.29.86 - - [07/Dec/2024:01:41:37 -0800] "HEAD /wp HTTP/1.1" 429 182 "http://secrepo.com/wp" "Mozilla/5.0 (Windows NT 10.0; Win64; x64) AppleWebKit/537.36 (KHTML, like Gecko) Chrome/74.0.3729.169 Safari/537.36" 
35.82.29.86 - - [07/Dec/2024:01:41:37 -0800] "HEAD /bc HTTP/1.1" 301 169 "-" "Mozilla/5.0 (Windows NT 10.0; Win64; x64) AppleWebKit/537.36 (KHTML, like Gecko) Chrome/74.0.3729.169 Safari/537.36" 
35.82.29.86 - - [07/Dec/2024:01:41:37 -0800] "HEAD /bc HTTP/1.1" 429 182 "http://secrepo.com/bc" "Mozilla/5.0 (Windows NT 10.0; Win64; x64) AppleWebKit/537.36 (KHTML, like Gecko) Chrome/74.0.3729.169 Safari/537.36" 
35.82.29.86 - - [07/Dec/2024:01:41:37 -0800] "HEAD /bk HTTP/1.1" 301 169 "-" "Mozilla/5.0 (Windows NT 10.0; Win64; x64) AppleWebKit/537.36 (KHTML, like Gecko) Chrome/74.0.3729.169 Safari/537.36" 
35.82.29.86 - - [07/Dec/2024:01:41:38 -0800] "HEAD /bk HTTP/1.1" 429 182 "http://secrepo.com/bk" "Mozilla/5.0 (Windows NT 10.0; Win64; x64) AppleWebKit/537.36 (KHTML, like Gecko) Chrome/74.0.3729.169 Safari/537.36" 
35.82.29.86 - - [07/Dec/2024:01:41:38 -0800] "HEAD /backup HTTP/1.1" 301 173 "-" "Mozilla/5.0 (Windows NT 10.0; Win64; x64) AppleWebKit/537.36 (KHTML, like Gecko) Chrome/74.0.3729.169 Safari/537.36" 
35.82.29.86 - - [07/Dec/2024:01:41:38 -0800] "HEAD /backup HTTP/1.1" 429 182 "http://secrepo.com/backup" "Mozilla/5.0 (Windows NT 10.0; Win64; x64) AppleWebKit/537.36 (KHTML, like Gecko) Chrome/74.0.3729.169 Safari/537.36" 
35.82.29.86 - - [07/Dec/2024:01:41:38 -0800] "HEAD /old HTTP/1.1" 301 170 "-" "Mozilla/5.0 (Windows NT 10.0; Win64; x64) AppleWebKit/537.36 (KHTML, like Gecko) Chrome/74.0.3729.169 Safari/537.36" 
35.82.29.86 - - [07/Dec/2024:01:41:38 -0800] "HEAD /old HTTP/1.1" 429 182 "http://secrepo.com/old" "Mozilla/5.0 (Windows NT 10.0; Win64; x64) AppleWebKit/537.36 (KHTML, like Gecko) Chrome/74.0.3729.169 Safari/537.36" 
35.82.29.86 - - [07/Dec/2024:01:41:38 -0800] "HEAD /new HTTP/1.1" 301 170 "-" "Mozilla/5.0 (Windows NT 10.0; Win64; x64) AppleWebKit/537.36 (KHTML, like Gecko) Chrome/74.0.3729.169 Safari/537.36" 
35.82.29.86 - - [07/Dec/2024:01:41:38 -0800] "HEAD /new HTTP/1.1" 429 182 "http://secrepo.com/new" "Mozilla/5.0 (Windows NT 10.0; Win64; x64) AppleWebKit/537.36 (KHTML, like Gecko) Chrome/74.0.3729.169 Safari/537.36" 
35.82.29.86 - - [07/Dec/2024:01:41:39 -0800] "HEAD /main HTTP/1.1" 301 171 "-" "Mozilla/5.0 (Windows NT 10.0; Win64; x64) AppleWebKit/537.36 (KHTML, like Gecko) Chrome/74.0.3729.169 Safari/537.36" 
35.82.29.86 - - [07/Dec/2024:01:41:39 -0800] "HEAD /main HTTP/1.1" 429 182 "http://secrepo.com/main" "Mozilla/5.0 (Windows NT 10.0; Win64; x64) AppleWebKit/537.36 (KHTML, like Gecko) Chrome/74.0.3729.169 Safari/537.36" 
35.82.29.86 - - [07/Dec/2024:01:41:39 -0800] "HEAD /home HTTP/1.1" 301 171 "-" "Mozilla/5.0 (Windows NT 10.0; Win64; x64) AppleWebKit/537.36 (KHTML, like Gecko) Chrome/74.0.3729.169 Safari/537.36" 
35.82.29.86 - - [07/Dec/2024:01:41:39 -0800] "HEAD /home HTTP/1.1" 429 182 "http://secrepo.com/home" "Mozilla/5.0 (Windows NT 10.0; Win64; x64) AppleWebKit/537.36 (KHTML, like Gecko) Chrome/74.0.3729.169 Safari/537.36" 
51.222.253.10 - - [07/Dec/2024:01:42:39 -0800] "GET /self.logs/2015/error.log.2015-10-27.gz HTTP/1.1" 200 752 "-" "Mozilla/5.0 (compatible; AhrefsBot/7.0; +http://ahrefs.com/robot/)" 
52.167.144.147 - - [07/Dec/2024:01:49:49 -0800] "GET /self.logs/error.log.2017-09-12.gz HTTP/1.1" 200 1511 "-" "Mozilla/5.0 AppleWebKit/537.36 (KHTML, like Gecko; compatible; bingbot/2.0; +http://www.bing.com/bingbot.htm) Chrome/116.0.1938.76 Safari/537.36" 
51.222.253.10 - - [07/Dec/2024:01:53:48 -0800] "GET /self.logs/2015/access.log.2015-11-16.gz HTTP/1.1" 200 5811 "-" "Mozilla/5.0 (compatible; AhrefsBot/7.0; +http://ahrefs.com/robot/)" 
40.77.167.150 - - [07/Dec/2024:01:55:54 -0800] "GET /self.logs/error.log.2021-05-16.gz HTTP/1.1" 200 924 "-" "Mozilla/5.0 AppleWebKit/537.36 (KHTML, like Gecko; compatible; bingbot/2.0; +http://www.bing.com/bingbot.htm) Chrome/116.0.1938.76 Safari/537.36" 
195.191.219.133 - - [07/Dec/2024:01:58:56 -0800] "GET /robots.txt HTTP/1.1" 301 495 "-" "Mozilla/5.0 (compatible; MJ12bot/v1.4.8; http://mj12bot.com/)" 
195.191.219.133 - - [07/Dec/2024:01:58:57 -0800] "GET /robots.txt HTTP/1.1" 200 377 "-" "Mozilla/5.0 (compatible; MJ12bot/v1.4.8; http://mj12bot.com/)" 
195.191.219.133 - - [07/Dec/2024:01:58:59 -0800] "GET / HTTP/1.1" 301 419 "-" "Mozilla/5.0 (compatible; MJ12bot/v1.4.8; http://mj12bot.com/)" 
195.191.219.133 - - [07/Dec/2024:01:59:00 -0800] "GET / HTTP/1.1" 200 13107 "-" "Mozilla/5.0 (compatible; MJ12bot/v1.4.8; http://mj12bot.com/)" 
195.191.219.133 - - [07/Dec/2024:01:59:02 -0800] "GET / HTTP/1.1" 200 13107 "-" "Mozilla/5.0 (compatible; MJ12bot/v1.4.8; http://mj12bot.com/)" 
42.236.101.226 - - [07/Dec/2024:01:59:16 -0800] "GET / HTTP/1.1" 200 13185 "http://www.secrepo.com/" "Mozilla/5.0 (Windows NT 6.1; WOW64) AppleWebKit/537.36 (KHTML, like Gecko) Chrome/50.0.2661.102 Safari/537.36; 360Spider" 
51.222.253.5 - - [07/Dec/2024:01:59:29 -0800] "GET /self.logs/2015/error.log.2015-01-25.gz HTTP/1.1" 200 630 "-" "Mozilla/5.0 (compatible; AhrefsBot/7.0; +http://ahrefs.com/robot/)" 
51.222.253.18 - - [07/Dec/2024:02:05:01 -0800] "GET /self.logs/2015/error.log.2015-06-06.gz HTTP/1.1" 200 775 "-" "Mozilla/5.0 (compatible; AhrefsBot/7.0; +http://ahrefs.com/robot/)" 
51.222.253.15 - - [07/Dec/2024:02:10:21 -0800] "GET /self.logs/2015/access.log.2015-10-13.gz HTTP/1.1" 200 12311 "-" "Mozilla/5.0 (compatible; AhrefsBot/7.0; +http://ahrefs.com/robot/)" 
40.77.167.58 - - [07/Dec/2024:02:15:06 -0800] "GET /self.logs/access.log.2022-08-19.gz HTTP/1.1" 200 17189 "-" "Mozilla/5.0 AppleWebKit/537.36 (KHTML, like Gecko; compatible; bingbot/2.0; +http://www.bing.com/bingbot.htm) Chrome/116.0.1938.76 Safari/537.36" 
51.222.253.17 - - [07/Dec/2024:02:25:51 -0800] "GET /self.logs/2015/error.log.2015-05-30.gz HTTP/1.1" 200 609 "-" "Mozilla/5.0 (compatible; AhrefsBot/7.0; +http://ahrefs.com/robot/)" 
34.83.28.251 - - [07/Dec/2024:02:27:30 -0800] "GET /error.log.2021-12-11.gz HTTP/1.1" 404 284 "-" "Mozilla/5.0 (compatible; MSIE 10.0; Windows NT 6.2; Trident/6.0; MDDCJS)" 
216.244.66.245 - - [07/Dec/2024:02:33:19 -0800] "GET /robots.txt HTTP/1.1" 200 333 "-" "Mozilla/5.0 (compatible; DotBot/1.2; +https://opensiteexplorer.org/dotbot; help@moz.com)" 
51.222.253.7 - - [07/Dec/2024:02:36:24 -0800] "GET /self.logs/2015/access.log.2015-11-28.gz HTTP/1.1" 200 3887 "-" "Mozilla/5.0 (compatible; AhrefsBot/7.0; +http://ahrefs.com/robot/)" 
40.77.167.65 - - [07/Dec/2024:02:40:08 -0800] "GET /self.logs/access.log.2022-08-27.gz HTTP/1.1" 200 11485 "-" "Mozilla/5.0 AppleWebKit/537.36 (KHTML, like Gecko; compatible; bingbot/2.0; +http://www.bing.com/bingbot.htm) Chrome/116.0.1938.76 Safari/537.36" 
51.222.253.2 - - [07/Dec/2024:02:41:05 -0800] "GET /self.logs/2015/access.log.2015-11-13.gz HTTP/1.1" 200 4951 "-" "Mozilla/5.0 (compatible; AhrefsBot/7.0; +http://ahrefs.com/robot/)" 
111.7.100.22 - - [07/Dec/2024:02:41:10 -0800] "GET / HTTP/1.1" 200 13148 "-" "Mozilla/5.0 (Windows NT 10.0; Win64; x64) AppleWebKit/537.36 (KHTML, like Gecko) Chrome/92.0.4515.107 Safari/537.36" 
111.7.100.26 - - [07/Dec/2024:02:41:10 -0800] "GET / HTTP/1.1" 200 13148 "-" "Mozilla/5.0 (Windows NT 10.0; Win64; x64) AppleWebKit/537.36 (KHTML, like Gecko) Chrome/92.0.4515.107 Safari/537.36" 
111.7.100.20 - - [07/Dec/2024:02:41:10 -0800] "GET / HTTP/1.1" 200 13148 "-" "Mozilla/5.0 (Windows NT 10.0; Win64; x64) AppleWebKit/537.36 (KHTML, like Gecko) Chrome/92.0.4515.107 Safari/537.36" 
111.7.100.25 - - [07/Dec/2024:02:41:10 -0800] "GET / HTTP/1.1" 200 13148 "-" "Mozilla/5.0 (Windows NT 10.0; Win64; x64) AppleWebKit/537.36 (KHTML, like Gecko) Chrome/92.0.4515.107 Safari/537.36" 
35.230.116.110 - - [07/Dec/2024:02:42:07 -0800] "GET /error.log.2021-12-11.gz HTTP/1.1" 404 284 "-" "Mozilla/5.0 (Macintosh; Intel Mac OS X 10_15_7) AppleWebKit/537.36 (KHTML, like Gecko) Chrome/123.0.0.0 Safari/537.36" 
216.244.66.245 - - [07/Dec/2024:02:42:13 -0800] "GET /self.logs/error.log.2023-07-30.gz HTTP/1.1" 200 1069 "-" "Mozilla/5.0 (compatible; DotBot/1.2; +https://opensiteexplorer.org/dotbot; help@moz.com)" 
216.244.66.245 - - [07/Dec/2024:02:43:32 -0800] "GET /self.logs/access.log.2022-10-18.gz HTTP/1.1" 200 11846 "-" "Mozilla/5.0 (compatible; DotBot/1.2; +https://opensiteexplorer.org/dotbot; help@moz.com)" 
216.244.66.245 - - [07/Dec/2024:02:43:36 -0800] "GET /self.logs/access.log.2023-02-05.gz HTTP/1.1" 200 10892 "-" "Mozilla/5.0 (compatible; DotBot/1.2; +https://opensiteexplorer.org/dotbot; help@moz.com)" 
51.222.253.1 - - [07/Dec/2024:02:46:11 -0800] "GET /self.logs/2015/access.log.2015-12-12.gz HTTP/1.1" 200 5458 "-" "Mozilla/5.0 (compatible; AhrefsBot/7.0; +http://ahrefs.com/robot/)" 
111.53.227.111 - - [07/Dec/2024:02:51:30 -0800] "GET / HTTP/1.1" 200 13185 "-" "Mozilla/5.0 (Windows NT 10.0; Win64; x64) AppleWebKit/537.36 (KHTML, like Gecko) Chrome/131.0.0.0 Safari/537.36 Edg/131.0.0.0" 
111.53.227.111 - - [07/Dec/2024:02:51:30 -0800] "GET /css/style.css HTTP/1.1" 404 328 "http://www.secrepo.com/" "Mozilla/5.0 (Windows NT 10.0; Win64; x64) AppleWebKit/537.36 (KHTML, like Gecko) Chrome/131.0.0.0 Safari/537.36 Edg/131.0.0.0" 
111.53.227.111 - - [07/Dec/2024:02:51:40 -0800] "GET /twitter-icon.png HTTP/1.1" 200 27916 "http://www.secrepo.com/" "Mozilla/5.0 (Windows NT 10.0; Win64; x64) AppleWebKit/537.36 (KHTML, like Gecko) Chrome/131.0.0.0 Safari/537.36 Edg/131.0.0.0" 
111.53.227.111 - - [07/Dec/2024:02:51:40 -0800] "GET /GitHub-Mark.png HTTP/1.1" 200 7556 "http://www.secrepo.com/" "Mozilla/5.0 (Windows NT 10.0; Win64; x64) AppleWebKit/537.36 (KHTML, like Gecko) Chrome/131.0.0.0 Safari/537.36 Edg/131.0.0.0" 
51.222.253.8 - - [07/Dec/2024:02:51:50 -0800] "GET /self.logs/2015/error.log.2015-09-14.gz HTTP/1.1" 200 1060 "-" "Mozilla/5.0 (compatible; AhrefsBot/7.0; +http://ahrefs.com/robot/)" 
111.53.227.111 - - [07/Dec/2024:02:51:52 -0800] "GET /bootstrap/img/favicon.ico HTTP/1.1" 200 713 "http://www.secrepo.com/" "Mozilla/5.0 (Windows NT 10.0; Win64; x64) AppleWebKit/537.36 (KHTML, like Gecko) Chrome/131.0.0.0 Safari/537.36 Edg/131.0.0.0" 
103.165.81.166 - - [07/Dec/2024:02:53:09 -0800] "GET / HTTP/1.1" 200 13185 "-" "Mozilla/5.0 (Windows NT 10.0; Win64; x64) AppleWebKit/537.36 (KHTML, like Gecko) Chrome/97.0.4280.67 Safari/537.36 Edg/97.0.664.52" 
51.222.253.17 - - [07/Dec/2024:03:01:42 -0800] "GET /Datasets%20Description/HTML_Bro_log_3/?C=N;O=D HTTP/1.1" 200 778 "-" "Mozilla/5.0 (compatible; AhrefsBot/7.0; +http://ahrefs.com/robot/)" 
40.77.167.41 - - [07/Dec/2024:03:07:22 -0800] "GET /self.logs/access.log.2023-06-19.gz HTTP/1.1" 200 10351 "-" "Mozilla/5.0 AppleWebKit/537.36 (KHTML, like Gecko; compatible; bingbot/2.0; +http://www.bing.com/bingbot.htm) Chrome/116.0.1938.76 Safari/537.36" 
51.222.253.14 - - [07/Dec/2024:03:10:05 -0800] "GET /Datasets%20Description/Network/files.html HTTP/1.1" 200 1488 "-" "Mozilla/5.0 (compatible; AhrefsBot/7.0; +http://ahrefs.com/robot/)" 
216.244.66.245 - - [07/Dec/2024:03:30:05 -0800] "GET /robots.txt HTTP/1.1" 200 333 "-" "Mozilla/5.0 (compatible; DotBot/1.2; +https://opensiteexplorer.org/dotbot; help@moz.com)" 
51.222.253.17 - - [07/Dec/2024:03:34:26 -0800] "GET /Datasets%20Description/Network/tunnel.html HTTP/1.1" 200 1426 "-" "Mozilla/5.0 (compatible; AhrefsBot/7.0; +http://ahrefs.com/robot/)" 
40.77.167.54 - - [07/Dec/2024:03:35:27 -0800] "GET /self.logs/error.log.2019-04-24.gz HTTP/1.1" 200 5004 "-" "Mozilla/5.0 AppleWebKit/537.36 (KHTML, like Gecko; compatible; bingbot/2.0; +http://www.bing.com/bingbot.htm) Chrome/116.0.1938.76 Safari/537.36" 
216.244.66.245 - - [07/Dec/2024:03:36:04 -0800] "GET /Datasets%20Description/PE_malware/VirusShare.html HTTP/1.1" 200 4624 "-" "Mozilla/5.0 (compatible; DotBot/1.2; +https://opensiteexplorer.org/dotbot; help@moz.com)" 
216.244.66.245 - - [07/Dec/2024:03:37:49 -0800] "GET /self.logs/2015/access.log.2015-02-09.gz HTTP/1.1" 200 4285 "-" "Mozilla/5.0 (compatible; DotBot/1.2; +https://opensiteexplorer.org/dotbot; help@moz.com)" 
216.244.66.245 - - [07/Dec/2024:03:37:54 -0800] "GET /self.logs/2015/access.log.2015-04-20.gz HTTP/1.1" 200 4256 "-" "Mozilla/5.0 (compatible; DotBot/1.2; +https://opensiteexplorer.org/dotbot; help@moz.com)" 
216.244.66.245 - - [07/Dec/2024:03:37:57 -0800] "GET /self.logs/2015/access.log.2015-09-29.gz HTTP/1.1" 200 5325 "-" "Mozilla/5.0 (compatible; DotBot/1.2; +https://opensiteexplorer.org/dotbot; help@moz.com)" 
216.244.66.245 - - [07/Dec/2024:03:38:00 -0800] "GET /self.logs/2015/access.log.2015-11-13.gz HTTP/1.1" 200 4951 "-" "Mozilla/5.0 (compatible; DotBot/1.2; +https://opensiteexplorer.org/dotbot; help@moz.com)" 
216.244.66.245 - - [07/Dec/2024:03:38:02 -0800] "GET /self.logs/2015/access.log.2015-11-28.gz HTTP/1.1" 200 3887 "-" "Mozilla/5.0 (compatible; DotBot/1.2; +https://opensiteexplorer.org/dotbot; help@moz.com)" 
216.244.66.245 - - [07/Dec/2024:03:38:04 -0800] "GET /self.logs/2015/error.log.2015-03-13.gz HTTP/1.1" 200 842 "-" "Mozilla/5.0 (compatible; DotBot/1.2; +https://opensiteexplorer.org/dotbot; help@moz.com)" 
216.244.66.245 - - [07/Dec/2024:03:38:06 -0800] "GET /self.logs/2015/error.log.2015-06-05.gz HTTP/1.1" 200 693 "-" "Mozilla/5.0 (compatible; DotBot/1.2; +https://opensiteexplorer.org/dotbot; help@moz.com)" 
216.244.66.245 - - [07/Dec/2024:03:38:07 -0800] "GET /self.logs/2015/error.log.2015-09-18.gz HTTP/1.1" 200 663 "-" "Mozilla/5.0 (compatible; DotBot/1.2; +https://opensiteexplorer.org/dotbot; help@moz.com)" 
216.244.66.245 - - [07/Dec/2024:03:38:08 -0800] "GET /self.logs/2015/error.log.2015-10-09.gz HTTP/1.1" 200 2361 "-" "Mozilla/5.0 (compatible; DotBot/1.2; +https://opensiteexplorer.org/dotbot; help@moz.com)" 
216.244.66.245 - - [07/Dec/2024:03:38:09 -0800] "GET /self.logs/2015/error.log.2015-10-29.gz HTTP/1.1" 200 696 "-" "Mozilla/5.0 (compatible; DotBot/1.2; +https://opensiteexplorer.org/dotbot; help@moz.com)" 
216.244.66.245 - - [07/Dec/2024:03:38:10 -0800] "GET /self.logs/2015/error.log.2015-11-13.gz HTTP/1.1" 200 623 "-" "Mozilla/5.0 (compatible; DotBot/1.2; +https://opensiteexplorer.org/dotbot; help@moz.com)" 
216.244.66.245 - - [07/Dec/2024:03:38:11 -0800] "GET /self.logs/2016/access.log.2016-01-22.gz HTTP/1.1" 200 5684 "-" "Mozilla/5.0 (compatible; DotBot/1.2; +https://opensiteexplorer.org/dotbot; help@moz.com)" 
216.244.66.245 - - [07/Dec/2024:03:38:12 -0800] "GET /self.logs/2016/access.log.2016-02-17.gz HTTP/1.1" 200 11199 "-" "Mozilla/5.0 (compatible; DotBot/1.2; +https://opensiteexplorer.org/dotbot; help@moz.com)" 
216.244.66.245 - - [07/Dec/2024:03:38:13 -0800] "GET /self.logs/2016/access.log.2016-04-15.gz HTTP/1.1" 200 11811 "-" "Mozilla/5.0 (compatible; DotBot/1.2; +https://opensiteexplorer.org/dotbot; help@moz.com)" 
216.244.66.245 - - [07/Dec/2024:03:38:13 -0800] "GET /self.logs/2016/access.log.2016-08-08.gz HTTP/1.1" 200 8887 "-" "Mozilla/5.0 (compatible; DotBot/1.2; +https://opensiteexplorer.org/dotbot; help@moz.com)" 
216.244.66.245 - - [07/Dec/2024:03:38:14 -0800] "GET /self.logs/2016/access.log.2016-10-12.gz HTTP/1.1" 200 12459 "-" "Mozilla/5.0 (compatible; DotBot/1.2; +https://opensiteexplorer.org/dotbot; help@moz.com)" 
216.244.66.245 - - [07/Dec/2024:03:38:15 -0800] "GET /self.logs/2016/error.log.2016-03-18.gz HTTP/1.1" 200 710 "-" "Mozilla/5.0 (compatible; DotBot/1.2; +https://opensiteexplorer.org/dotbot; help@moz.com)" 
216.244.66.245 - - [07/Dec/2024:03:38:16 -0800] "GET /self.logs/2016/error.log.2016-12-07.gz HTTP/1.1" 200 720 "-" "Mozilla/5.0 (compatible; DotBot/1.2; +https://opensiteexplorer.org/dotbot; help@moz.com)" 
216.244.66.245 - - [07/Dec/2024:03:38:16 -0800] "GET /self.logs/access.log.2017-01-17.gz HTTP/1.1" 200 18449 "-" "Mozilla/5.0 (compatible; DotBot/1.2; +https://opensiteexplorer.org/dotbot; help@moz.com)" 
216.244.66.245 - - [07/Dec/2024:03:38:17 -0800] "GET /self.logs/access.log.2017-03-30.gz HTTP/1.1" 200 15739 "-" "Mozilla/5.0 (compatible; DotBot/1.2; +https://opensiteexplorer.org/dotbot; help@moz.com)" 
216.244.66.245 - - [07/Dec/2024:03:38:18 -0800] "GET /self.logs/access.log.2017-05-04.gz HTTP/1.1" 200 30044 "-" "Mozilla/5.0 (compatible; DotBot/1.2; +https://opensiteexplorer.org/dotbot; help@moz.com)" 
216.244.66.245 - - [07/Dec/2024:03:38:19 -0800] "GET /self.logs/access.log.2017-06-01.gz HTTP/1.1" 200 19756 "-" "Mozilla/5.0 (compatible; DotBot/1.2; +https://opensiteexplorer.org/dotbot; help@moz.com)" 
216.244.66.245 - - [07/Dec/2024:03:38:20 -0800] "GET /self.logs/access.log.2017-08-01.gz HTTP/1.1" 200 30144 "-" "Mozilla/5.0 (compatible; DotBot/1.2; +https://opensiteexplorer.org/dotbot; help@moz.com)" 
216.244.66.245 - - [07/Dec/2024:03:38:21 -0800] "GET /self.logs/access.log.2017-11-30.gz HTTP/1.1" 200 21598 "-" "Mozilla/5.0 (compatible; DotBot/1.2; +https://opensiteexplorer.org/dotbot; help@moz.com)" 
216.244.66.245 - - [07/Dec/2024:03:38:21 -0800] "GET /self.logs/access.log.2018-06-25.gz HTTP/1.1" 200 19679 "-" "Mozilla/5.0 (compatible; DotBot/1.2; +https://opensiteexplorer.org/dotbot; help@moz.com)" 
216.244.66.245 - - [07/Dec/2024:03:38:22 -0800] "GET /self.logs/access.log.2018-11-24.gz HTTP/1.1" 200 16159 "-" "Mozilla/5.0 (compatible; DotBot/1.2; +https://opensiteexplorer.org/dotbot; help@moz.com)" 
216.244.66.245 - - [07/Dec/2024:03:38:23 -0800] "GET /self.logs/access.log.2019-03-03.gz HTTP/1.1" 200 24316 "-" "Mozilla/5.0 (compatible; DotBot/1.2; +https://opensiteexplorer.org/dotbot; help@moz.com)" 
216.244.66.245 - - [07/Dec/2024:03:38:24 -0800] "GET /self.logs/access.log.2019-11-21.gz HTTP/1.1" 200 22520 "-" "Mozilla/5.0 (compatible; DotBot/1.2; +https://opensiteexplorer.org/dotbot; help@moz.com)" 
216.244.66.245 - - [07/Dec/2024:03:38:25 -0800] "GET /self.logs/access.log.2020-10-20.gz HTTP/1.1" 200 36360 "-" "Mozilla/5.0 (compatible; DotBot/1.2; +https://opensiteexplorer.org/dotbot; help@moz.com)" 
216.244.66.245 - - [07/Dec/2024:03:38:25 -0800] "GET /self.logs/access.log.2021-02-06.gz HTTP/1.1" 200 32019 "-" "Mozilla/5.0 (compatible; DotBot/1.2; +https://opensiteexplorer.org/dotbot; help@moz.com)" 
216.244.66.245 - - [07/Dec/2024:03:38:26 -0800] "GET /self.logs/access.log.2021-05-16.gz HTTP/1.1" 200 25960 "-" "Mozilla/5.0 (compatible; DotBot/1.2; +https://opensiteexplorer.org/dotbot; help@moz.com)" 
216.244.66.245 - - [07/Dec/2024:03:38:29 -0800] "GET /self.logs/error.log.2022-03-10.gz HTTP/1.1" 200 2819 "-" "Mozilla/5.0 (compatible; DotBot/1.2; +https://opensiteexplorer.org/dotbot; help@moz.com)" 
216.244.66.245 - - [07/Dec/2024:03:38:31 -0800] "GET /self.logs/error.log.2022-06-08.gz HTTP/1.1" 200 3430 "-" "Mozilla/5.0 (compatible; DotBot/1.2; +https://opensiteexplorer.org/dotbot; help@moz.com)" 
216.244.66.245 - - [07/Dec/2024:03:38:32 -0800] "GET /self.logs/error.log.2022-08-04.gz HTTP/1.1" 200 1738 "-" "Mozilla/5.0 (compatible; DotBot/1.2; +https://opensiteexplorer.org/dotbot; help@moz.com)" 
216.244.66.245 - - [07/Dec/2024:03:38:34 -0800] "GET /self.logs/error.log.2022-09-11 HTTP/1.1" 200 307 "-" "Mozilla/5.0 (compatible; DotBot/1.2; +https://opensiteexplorer.org/dotbot; help@moz.com)" 
40.77.167.54 - - [07/Dec/2024:03:38:35 -0800] "GET /self.logs/error.log.2022-08-10.gz HTTP/1.1" 200 1463 "-" "Mozilla/5.0 AppleWebKit/537.36 (KHTML, like Gecko; compatible; bingbot/2.0; +http://www.bing.com/bingbot.htm) Chrome/116.0.1938.76 Safari/537.36" 
216.244.66.245 - - [07/Dec/2024:03:38:35 -0800] "GET /self.logs/error.log.2023-06-11.gz HTTP/1.1" 200 1293 "-" "Mozilla/5.0 (compatible; DotBot/1.2; +https://opensiteexplorer.org/dotbot; help@moz.com)" 
51.222.253.12 - - [07/Dec/2024:03:38:41 -0800] "GET /self.logs/2015/access.log.2015-12-26.gz HTTP/1.1" 200 3837 "-" "Mozilla/5.0 (compatible; AhrefsBot/7.0; +http://ahrefs.com/robot/)" 
216.244.66.245 - - [07/Dec/2024:03:38:46 -0800] "GET /self.logs/error.log.2020-04-20 HTTP/1.1" 200 307 "-" "Mozilla/5.0 (compatible; DotBot/1.2; +https://opensiteexplorer.org/dotbot; help@moz.com)" 
216.244.66.245 - - [07/Dec/2024:03:38:47 -0800] "GET /self.logs/error.log.2020-05-12 HTTP/1.1" 200 307 "-" "Mozilla/5.0 (compatible; DotBot/1.2; +https://opensiteexplorer.org/dotbot; help@moz.com)" 
216.244.66.245 - - [07/Dec/2024:03:38:48 -0800] "GET /self.logs/error.log.2020-12-26 HTTP/1.1" 200 307 "-" "Mozilla/5.0 (compatible; DotBot/1.2; +https://opensiteexplorer.org/dotbot; help@moz.com)" 
216.244.66.245 - - [07/Dec/2024:03:38:48 -0800] "GET /self.logs/error.log.2021-01-17.gz HTTP/1.1" 200 1109 "-" "Mozilla/5.0 (compatible; DotBot/1.2; +https://opensiteexplorer.org/dotbot; help@moz.com)" 
216.244.66.245 - - [07/Dec/2024:03:38:49 -0800] "GET /self.logs/error.log.2022-12-12.gz HTTP/1.1" 200 4764 "-" "Mozilla/5.0 (compatible; DotBot/1.2; +https://opensiteexplorer.org/dotbot; help@moz.com)" 
216.244.66.245 - - [07/Dec/2024:03:38:50 -0800] "GET /self.logs/error.log.2023-02-10.gz HTTP/1.1" 200 5264 "-" "Mozilla/5.0 (compatible; DotBot/1.2; +https://opensiteexplorer.org/dotbot; help@moz.com)" 
216.244.66.245 - - [07/Dec/2024:03:39:02 -0800] "GET /self.logs/error.log.2017-02-08.gz HTTP/1.1" 200 2099 "-" "Mozilla/5.0 (compatible; DotBot/1.2; +https://opensiteexplorer.org/dotbot; help@moz.com)" 
216.244.66.245 - - [07/Dec/2024:03:39:03 -0800] "GET /self.logs/error.log.2021-04-12.gz HTTP/1.1" 200 3991 "-" "Mozilla/5.0 (compatible; DotBot/1.2; +https://opensiteexplorer.org/dotbot; help@moz.com)" 
216.244.66.245 - - [07/Dec/2024:03:39:03 -0800] "GET /self.logs/error.log.2021-05-09.gz HTTP/1.1" 200 5968 "-" "Mozilla/5.0 (compatible; DotBot/1.2; +https://opensiteexplorer.org/dotbot; help@moz.com)" 
216.244.66.245 - - [07/Dec/2024:03:39:31 -0800] "GET /self.logs/error.log.2018-02-21.gz HTTP/1.1" 200 4468 "-" "Mozilla/5.0 (compatible; DotBot/1.2; +https://opensiteexplorer.org/dotbot; help@moz.com)" 
216.244.66.245 - - [07/Dec/2024:03:39:32 -0800] "GET /self.logs/error.log.2018-02-23.gz HTTP/1.1" 200 3936 "-" "Mozilla/5.0 (compatible; DotBot/1.2; +https://opensiteexplorer.org/dotbot; help@moz.com)" 
216.244.66.245 - - [07/Dec/2024:03:39:33 -0800] "GET /self.logs/error.log.2018-08-27.gz HTTP/1.1" 200 5976 "-" "Mozilla/5.0 (compatible; DotBot/1.2; +https://opensiteexplorer.org/dotbot; help@moz.com)" 
216.244.66.245 - - [07/Dec/2024:03:39:33 -0800] "GET /self.logs/error.log.2018-10-09.gz HTTP/1.1" 200 5255 "-" "Mozilla/5.0 (compatible; DotBot/1.2; +https://opensiteexplorer.org/dotbot; help@moz.com)" 
51.222.253.7 - - [07/Dec/2024:03:42:44 -0800] "GET /self.logs/2015/access.log.2015-04-21.gz HTTP/1.1" 200 6727 "-" "Mozilla/5.0 (compatible; AhrefsBot/7.0; +http://ahrefs.com/robot/)" 
52.167.144.205 - - [07/Dec/2024:03:47:30 -0800] "GET /self.logs/ HTTP/1.1" 200 53491 "-" "Mozilla/5.0 AppleWebKit/537.36 (KHTML, like Gecko; compatible; bingbot/2.0; +http://www.bing.com/bingbot.htm) Chrome/116.0.1938.76 Safari/537.36" 
66.249.66.74 - - [07/Dec/2024:03:50:17 -0800] "GET / HTTP/1.1" 301 475 "-" "Mozilla/5.0 (compatible; Googlebot/2.1; +http://www.google.com/bot.html)" 
66.249.66.7 - - [07/Dec/2024:03:50:18 -0800] "GET / HTTP/1.1" 200 13185 "-" "Mozilla/5.0 (compatible; Googlebot/2.1; +http://www.google.com/bot.html)" 
66.249.66.6 - - [07/Dec/2024:03:50:20 -0800] "GET /css/style.css HTTP/1.1" 404 328 "http://www.secrepo.com/" "Mozilla/5.0 AppleWebKit/537.36 (KHTML, like Gecko; compatible; Googlebot/2.1; +http://www.google.com/bot.html) Chrome/131.0.6778.69 Safari/537.36" 
51.222.253.3 - - [07/Dec/2024:03:51:08 -0800] "GET /self.logs/2015/error.log.2015-05-28.gz HTTP/1.1" 200 724 "-" "Mozilla/5.0 (compatible; AhrefsBot/7.0; +http://ahrefs.com/robot/)" 
66.249.66.76 - - [07/Dec/2024:03:51:31 -0800] "GET / HTTP/1.1" 301 475 "-" "Mozilla/5.0 (compatible; Googlebot/2.1; +http://www.google.com/bot.html)" 
66.249.66.6 - - [07/Dec/2024:03:51:32 -0800] "GET / HTTP/1.1" 200 13185 "-" "Mozilla/5.0 (compatible; Googlebot/2.1; +http://www.google.com/bot.html)" 
66.249.66.8 - - [07/Dec/2024:03:51:35 -0800] "GET /css/style.css HTTP/1.1" 404 328 "http://www.secrepo.com/" "Mozilla/5.0 AppleWebKit/537.36 (KHTML, like Gecko; compatible; Googlebot/2.1; +http://www.google.com/bot.html) Chrome/131.0.6778.69 Safari/537.36" 
51.222.253.5 - - [07/Dec/2024:03:57:06 -0800] "GET /self.logs/2015/access.log.2015-06-26.gz HTTP/1.1" 200 4084 "-" "Mozilla/5.0 (compatible; AhrefsBot/7.0; +http://ahrefs.com/robot/)" 
52.167.144.231 - - [07/Dec/2024:04:00:22 -0800] "GET /self.logs/error.log.2024-02-01.gz HTTP/1.1" 301 485 "-" "Mozilla/5.0 AppleWebKit/537.36 (KHTML, like Gecko; compatible; bingbot/2.0; +http://www.bing.com/bingbot.htm) Chrome/116.0.1938.76 Safari/537.36" 
51.222.253.17 - - [07/Dec/2024:04:01:33 -0800] "GET /self.logs/2015/error.log.2015-10-31.gz HTTP/1.1" 200 1032 "-" "Mozilla/5.0 (compatible; AhrefsBot/7.0; +http://ahrefs.com/robot/)" 
52.167.144.174 - - [07/Dec/2024:04:03:04 -0800] "GET /self.logs/2015/error.log.2015-04-19.gz HTTP/1.1" 200 939 "-" "Mozilla/5.0 AppleWebKit/537.36 (KHTML, like Gecko; compatible; bingbot/2.0; +http://www.bing.com/bingbot.htm) Chrome/116.0.1938.76 Safari/537.36" 
114.119.153.152 - - [07/Dec/2024:04:03:37 -0800] "GET /Datasets%20Description/HTML_Bro_log_3/irc.html HTTP/1.1" 200 1784 "http://www.secrepo.com/Datasets%20Description/HTML_Bro_log_3" "Mozilla/5.0 (Linux; Android 7.0;) AppleWebKit/537.36 (KHTML, like Gecko) Mobile Safari/537.36 (compatible; PetalBot;+https://webmaster.petalsearch.com/site/petalbot)" 
202.61.84.181 - - [07/Dec/2024:04:06:43 -0800] "GET / HTTP/1.1" 200 13185 "-" "Mozilla/5.0 (Windows NT 10.0; Win64; x64) AppleWebKit/537.36 (KHTML, like Gecko) Chrome/97.0.4280.67 Safari/537.36 Edg/97.0.664.52" 
51.222.253.10 - - [07/Dec/2024:04:09:55 -0800] "GET /self.logs/2015/error.log.2015-10-06.gz HTTP/1.1" 200 579 "-" "Mozilla/5.0 (compatible; AhrefsBot/7.0; +http://ahrefs.com/robot/)" 
66.249.66.6 - - [07/Dec/2024:04:12:52 -0800] "GET / HTTP/1.1" 200 13185 "-" "Mozilla/5.0 (compatible; Googlebot/2.1; +http://www.google.com/bot.html)" 
66.249.66.6 - - [07/Dec/2024:04:12:57 -0800] "GET /css/style.css HTTP/1.1" 404 328 "http://www.secrepo.com/" "Mozilla/5.0 AppleWebKit/537.36 (KHTML, like Gecko; compatible; Googlebot/2.1; +http://www.google.com/bot.html) Chrome/131.0.6778.69 Safari/537.36" 
51.222.253.11 - - [07/Dec/2024:04:13:48 -0800] "GET /self.logs/2015/access.log.2015-08-04.gz HTTP/1.1" 200 5790 "-" "Mozilla/5.0 (compatible; AhrefsBot/7.0; +http://ahrefs.com/robot/)" 
51.222.253.2 - - [07/Dec/2024:04:17:28 -0800] "GET /self.logs/2015/access.log.2015-08-19.gz HTTP/1.1" 200 5141 "-" "Mozilla/5.0 (compatible; AhrefsBot/7.0; +http://ahrefs.com/robot/)" 
103.194.184.194 - - [07/Dec/2024:04:19:29 -0800] "GET /includ HTTP/1.1" 404 328 "-" "Mozilla/5.0 (Windows NT 10.0; WOW64; rv:48.0) Gecko/20100101 Firefox/48.0" 
103.212.98.106 - - [07/Dec/2024:04:19:34 -0800] "GET /assets/js/fast.js HTTP/1.1" 429 476 "-" "Mozilla/5.0 (Windows NT 10.0; WOW64; rv:48.0) Gecko/20100101 Firefox/48.0" 
51.222.253.18 - - [07/Dec/2024:04:21:25 -0800] "GET /self.logs/2015/access.log.2015-09-03.gz HTTP/1.1" 200 4958 "-" "Mozilla/5.0 (compatible; AhrefsBot/7.0; +http://ahrefs.com/robot/)" 
216.244.66.245 - - [07/Dec/2024:04:25:22 -0800] "GET /robots.txt HTTP/1.1" 200 333 "-" "Mozilla/5.0 (compatible; DotBot/1.2; +https://opensiteexplorer.org/dotbot; help@moz.com)" 
51.222.253.4 - - [07/Dec/2024:04:25:30 -0800] "GET /self.logs/2015/access.log.2015-06-18.gz HTTP/1.1" 200 5617 "-" "Mozilla/5.0 (compatible; AhrefsBot/7.0; +http://ahrefs.com/robot/)" 
40.77.167.20 - - [07/Dec/2024:04:30:16 -0800] "GET /self.logs/access.log.2018-11-30.gz HTTP/1.1" 200 22073 "-" "Mozilla/5.0 AppleWebKit/537.36 (KHTML, like Gecko; compatible; bingbot/2.0; +http://www.bing.com/bingbot.htm) Chrome/116.0.1938.76 Safari/537.36" 
161.35.43.51 - - [07/Dec/2024:04:32:58 -0800] "GET / HTTP/1.1" 200 13141 "-" "Mozilla/5.0 (X11; Linux x86_64) AppleWebKit/537.36 (KHTML, like Gecko) Chrome/129.0.0.0 Safari/537.36" 
161.35.43.51 - - [07/Dec/2024:04:32:58 -0800] "GET /bootstrap/img/favicon.ico HTTP/1.1" 200 669 "http://www.secrepo.com/" "Mozilla/5.0 (X11; Linux x86_64) AppleWebKit/537.36 (KHTML, like Gecko) Chrome/129.0.0.0 Safari/537.36" 
51.222.253.6 - - [07/Dec/2024:04:33:30 -0800] "GET /self.logs/2015/error.log.2015-05-29.gz HTTP/1.1" 200 773 "-" "Mozilla/5.0 (compatible; AhrefsBot/7.0; +http://ahrefs.com/robot/)" 
216.244.66.245 - - [07/Dec/2024:04:34:13 -0800] "GET /self.logs/error.log.2023-03-19.gz HTTP/1.1" 200 2044 "-" "Mozilla/5.0 (compatible; DotBot/1.2; +https://opensiteexplorer.org/dotbot; help@moz.com)" 
216.244.66.245 - - [07/Dec/2024:04:34:20 -0800] "GET /self.logs/error.log.2023-08-21.gz HTTP/1.1" 200 1703 "-" "Mozilla/5.0 (compatible; DotBot/1.2; +https://opensiteexplorer.org/dotbot; help@moz.com)" 
216.244.66.245 - - [07/Dec/2024:04:34:27 -0800] "GET /self.logs/error.log.2023-08-29.gz HTTP/1.1" 200 4564 "-" "Mozilla/5.0 (compatible; DotBot/1.2; +https://opensiteexplorer.org/dotbot; help@moz.com)" 
216.244.66.245 - - [07/Dec/2024:04:34:48 -0800] "GET /self.logs/error.log.2017-04-25.gz HTTP/1.1" 200 999 "-" "Mozilla/5.0 (compatible; DotBot/1.2; +https://opensiteexplorer.org/dotbot; help@moz.com)" 
216.244.66.245 - - [07/Dec/2024:04:34:51 -0800] "GET /self.logs/error.log.2017-10-23.gz HTTP/1.1" 200 2407 "-" "Mozilla/5.0 (compatible; DotBot/1.2; +https://opensiteexplorer.org/dotbot; help@moz.com)" 
216.244.66.245 - - [07/Dec/2024:04:34:54 -0800] "GET /self.logs/error.log.2017-11-21.gz HTTP/1.1" 200 1928 "-" "Mozilla/5.0 (compatible; DotBot/1.2; +https://opensiteexplorer.org/dotbot; help@moz.com)" 
216.244.66.245 - - [07/Dec/2024:04:35:06 -0800] "GET /self.logs/access.log.2022-08-05.gz HTTP/1.1" 200 15735 "-" "Mozilla/5.0 (compatible; DotBot/1.2; +https://opensiteexplorer.org/dotbot; help@moz.com)" 
216.244.66.245 - - [07/Dec/2024:04:35:32 -0800] "GET /self.logs/access.log.2022-11-10.gz HTTP/1.1" 200 13725 "-" "Mozilla/5.0 (compatible; DotBot/1.2; +https://opensiteexplorer.org/dotbot; help@moz.com)" 
216.244.66.245 - - [07/Dec/2024:04:35:34 -0800] "GET /self.logs/access.log.2023-03-02.gz HTTP/1.1" 200 11387 "-" "Mozilla/5.0 (compatible; DotBot/1.2; +https://opensiteexplorer.org/dotbot; help@moz.com)" 
216.244.66.245 - - [07/Dec/2024:04:35:35 -0800] "GET /self.logs/access.log.2023-04-27.gz HTTP/1.1" 200 12472 "-" "Mozilla/5.0 (compatible; DotBot/1.2; +https://opensiteexplorer.org/dotbot; help@moz.com)" 
40.77.167.20 - - [07/Dec/2024:04:35:36 -0800] "GET /self.logs/access.log.2020-11-13.gz HTTP/1.1" 200 13094 "-" "Mozilla/5.0 AppleWebKit/537.36 (KHTML, like Gecko; compatible; bingbot/2.0; +http://www.bing.com/bingbot.htm) Chrome/116.0.1938.76 Safari/537.36" 
20.191.45.212 - - [07/Dec/2024:04:35:49 -0800] "GET / HTTP/1.1" 200 13185 "http://www.secrepo.com/" "DuckDuckBot/1.1; (+http://duckduckgo.com/duckduckbot.html)" 
20.191.45.212 - - [07/Dec/2024:04:35:49 -0800] "GET /bootstrap/img/favicon.ico HTTP/1.1" 200 690 "http://www.secrepo.com/bootstrap/img/favicon.ico" "DuckDuckBot/1.1; (+http://duckduckgo.com/duckduckbot.html)" 
13.126.168.40 - - [07/Dec/2024:04:37:28 -0800] "HEAD /wordpress HTTP/1.1" 301 176 "-" "Mozilla/5.0 (Windows NT 10.0; Win64; x64) AppleWebKit/537.36 (KHTML, like Gecko) Chrome/74.0.3729.169 Safari/537.36" 
13.126.168.40 - - [07/Dec/2024:04:37:28 -0800] "HEAD /wordpress HTTP/1.1" 429 182 "http://secrepo.com/wordpress" "Mozilla/5.0 (Windows NT 10.0; Win64; x64) AppleWebKit/537.36 (KHTML, like Gecko) Chrome/74.0.3729.169 Safari/537.36" 
13.126.168.40 - - [07/Dec/2024:04:37:28 -0800] "HEAD / HTTP/1.1" 301 167 "-" "Mozilla/5.0 (Windows NT 10.0; Win64; x64) AppleWebKit/537.36 (KHTML, like Gecko) Chrome/74.0.3729.169 Safari/537.36" 
13.126.168.40 - - [07/Dec/2024:04:37:29 -0800] "HEAD / HTTP/1.1" 429 182 "http://secrepo.com/" "Mozilla/5.0 (Windows NT 10.0; Win64; x64) AppleWebKit/537.36 (KHTML, like Gecko) Chrome/74.0.3729.169 Safari/537.36" 
13.126.168.40 - - [07/Dec/2024:04:37:29 -0800] "HEAD /wp HTTP/1.1" 301 169 "-" "Mozilla/5.0 (Windows NT 10.0; Win64; x64) AppleWebKit/537.36 (KHTML, like Gecko) Chrome/74.0.3729.169 Safari/537.36" 
13.126.168.40 - - [07/Dec/2024:04:37:29 -0800] "HEAD /wp HTTP/1.1" 429 182 "http://secrepo.com/wp" "Mozilla/5.0 (Windows NT 10.0; Win64; x64) AppleWebKit/537.36 (KHTML, like Gecko) Chrome/74.0.3729.169 Safari/537.36" 
13.126.168.40 - - [07/Dec/2024:04:37:29 -0800] "HEAD /bc HTTP/1.1" 301 169 "-" "Mozilla/5.0 (Windows NT 10.0; Win64; x64) AppleWebKit/537.36 (KHTML, like Gecko) Chrome/74.0.3729.169 Safari/537.36" 
13.126.168.40 - - [07/Dec/2024:04:37:30 -0800] "HEAD /bc HTTP/1.1" 429 182 "http://secrepo.com/bc" "Mozilla/5.0 (Windows NT 10.0; Win64; x64) AppleWebKit/537.36 (KHTML, like Gecko) Chrome/74.0.3729.169 Safari/537.36" 
13.126.168.40 - - [07/Dec/2024:04:37:30 -0800] "HEAD /bk HTTP/1.1" 301 169 "-" "Mozilla/5.0 (Windows NT 10.0; Win64; x64) AppleWebKit/537.36 (KHTML, like Gecko) Chrome/74.0.3729.169 Safari/537.36" 
13.126.168.40 - - [07/Dec/2024:04:37:30 -0800] "HEAD /bk HTTP/1.1" 429 182 "http://secrepo.com/bk" "Mozilla/5.0 (Windows NT 10.0; Win64; x64) AppleWebKit/537.36 (KHTML, like Gecko) Chrome/74.0.3729.169 Safari/537.36" 
13.126.168.40 - - [07/Dec/2024:04:37:30 -0800] "HEAD /backup HTTP/1.1" 301 173 "-" "Mozilla/5.0 (Windows NT 10.0; Win64; x64) AppleWebKit/537.36 (KHTML, like Gecko) Chrome/74.0.3729.169 Safari/537.36" 
13.126.168.40 - - [07/Dec/2024:04:37:30 -0800] "HEAD /backup HTTP/1.1" 429 182 "http://secrepo.com/backup" "Mozilla/5.0 (Windows NT 10.0; Win64; x64) AppleWebKit/537.36 (KHTML, like Gecko) Chrome/74.0.3729.169 Safari/537.36" 
13.126.168.40 - - [07/Dec/2024:04:37:31 -0800] "HEAD /old HTTP/1.1" 301 170 "-" "Mozilla/5.0 (Windows NT 10.0; Win64; x64) AppleWebKit/537.36 (KHTML, like Gecko) Chrome/74.0.3729.169 Safari/537.36" 
13.126.168.40 - - [07/Dec/2024:04:37:31 -0800] "HEAD /old HTTP/1.1" 429 182 "http://secrepo.com/old" "Mozilla/5.0 (Windows NT 10.0; Win64; x64) AppleWebKit/537.36 (KHTML, like Gecko) Chrome/74.0.3729.169 Safari/537.36" 
13.126.168.40 - - [07/Dec/2024:04:37:31 -0800] "HEAD /new HTTP/1.1" 301 170 "-" "Mozilla/5.0 (Windows NT 10.0; Win64; x64) AppleWebKit/537.36 (KHTML, like Gecko) Chrome/74.0.3729.169 Safari/537.36" 
13.126.168.40 - - [07/Dec/2024:04:37:31 -0800] "HEAD /new HTTP/1.1" 429 182 "http://secrepo.com/new" "Mozilla/5.0 (Windows NT 10.0; Win64; x64) AppleWebKit/537.36 (KHTML, like Gecko) Chrome/74.0.3729.169 Safari/537.36" 
13.126.168.40 - - [07/Dec/2024:04:37:32 -0800] "HEAD /main HTTP/1.1" 301 171 "-" "Mozilla/5.0 (Windows NT 10.0; Win64; x64) AppleWebKit/537.36 (KHTML, like Gecko) Chrome/74.0.3729.169 Safari/537.36" 
13.126.168.40 - - [07/Dec/2024:04:37:32 -0800] "HEAD /main HTTP/1.1" 429 182 "http://secrepo.com/main" "Mozilla/5.0 (Windows NT 10.0; Win64; x64) AppleWebKit/537.36 (KHTML, like Gecko) Chrome/74.0.3729.169 Safari/537.36" 
13.126.168.40 - - [07/Dec/2024:04:37:32 -0800] "HEAD /home HTTP/1.1" 301 171 "-" "Mozilla/5.0 (Windows NT 10.0; Win64; x64) AppleWebKit/537.36 (KHTML, like Gecko) Chrome/74.0.3729.169 Safari/537.36" 
13.126.168.40 - - [07/Dec/2024:04:37:32 -0800] "HEAD /home HTTP/1.1" 429 182 "http://secrepo.com/home" "Mozilla/5.0 (Windows NT 10.0; Win64; x64) AppleWebKit/537.36 (KHTML, like Gecko) Chrome/74.0.3729.169 Safari/537.36" 
51.222.253.8 - - [07/Dec/2024:04:37:46 -0800] "GET /self.logs/2015/error.log.2015-09-02.gz HTTP/1.1" 200 583 "-" "Mozilla/5.0 (compatible; AhrefsBot/7.0; +http://ahrefs.com/robot/)" 
40.77.167.22 - - [07/Dec/2024:04:39:19 -0800] "GET /self.logs/error.log.2021-07-17 HTTP/1.1" 200 307 "-" "Mozilla/5.0 AppleWebKit/537.36 (KHTML, like Gecko; compatible; bingbot/2.0; +http://www.bing.com/bingbot.htm) Chrome/116.0.1938.76 Safari/537.36" 
51.222.253.9 - - [07/Dec/2024:04:40:36 -0800] "GET /self.logs/2015/access.log.2015-09-07.gz HTTP/1.1" 200 4100 "-" "Mozilla/5.0 (compatible; AhrefsBot/7.0; +http://ahrefs.com/robot/)" 
51.222.253.14 - - [07/Dec/2024:04:44:12 -0800] "GET /self.logs/2015/access.log.2015-03-19.gz HTTP/1.1" 200 3742 "-" "Mozilla/5.0 (compatible; AhrefsBot/7.0; +http://ahrefs.com/robot/)" 
51.222.253.9 - - [07/Dec/2024:04:47:01 -0800] "GET /self.logs/2015/access.log.2015-02-13.gz HTTP/1.1" 200 15594 "-" "Mozilla/5.0 (compatible; AhrefsBot/7.0; +http://ahrefs.com/robot/)" 
51.222.253.8 - - [07/Dec/2024:04:49:34 -0800] "GET /self.logs/2015/error.log.2015-08-07.gz HTTP/1.1" 200 1114 "-" "Mozilla/5.0 (compatible; AhrefsBot/7.0; +http://ahrefs.com/robot/)" 
66.249.66.75 - - [07/Dec/2024:04:51:09 -0800] "GET / HTTP/1.1" 301 475 "-" "Mozilla/5.0 (compatible; Googlebot/2.1; +http://www.google.com/bot.html)" 
66.249.66.7 - - [07/Dec/2024:04:51:09 -0800] "GET / HTTP/1.1" 200 13185 "-" "Mozilla/5.0 (compatible; Googlebot/2.1; +http://www.google.com/bot.html)" 
66.249.66.6 - - [07/Dec/2024:04:51:11 -0800] "GET /css/style.css HTTP/1.1" 404 328 "http://www.secrepo.com/" "Mozilla/5.0 AppleWebKit/537.36 (KHTML, like Gecko; compatible; Googlebot/2.1; +http://www.google.com/bot.html) Chrome/131.0.6778.69 Safari/537.36" 
156.209.91.187 - - [07/Dec/2024:04:51:49 -0800] "GET / HTTP/1.1" 200 13185 "-" "Mozilla/5.0 (Windows NT 10.0; Win64; x64; rv:133.0) Gecko/20100101 Firefox/133.0" 
156.209.91.187 - - [07/Dec/2024:04:51:49 -0800] "GET /css/style.css HTTP/1.1" 404 328 "http://www.secrepo.com/" "Mozilla/5.0 (Windows NT 10.0; Win64; x64; rv:133.0) Gecko/20100101 Firefox/133.0" 
156.209.91.187 - - [07/Dec/2024:04:51:49 -0800] "GET /GitHub-Mark.png HTTP/1.1" 200 7533 "http://www.secrepo.com/" "Mozilla/5.0 (Windows NT 10.0; Win64; x64; rv:133.0) Gecko/20100101 Firefox/133.0" 
156.209.91.187 - - [07/Dec/2024:04:51:49 -0800] "GET /twitter-icon.png HTTP/1.1" 200 27893 "http://www.secrepo.com/" "Mozilla/5.0 (Windows NT 10.0; Win64; x64; rv:133.0) Gecko/20100101 Firefox/133.0" 
156.209.91.187 - - [07/Dec/2024:04:51:49 -0800] "GET /css/style.css HTTP/1.1" 404 305 "http://www.secrepo.com/" "Mozilla/5.0 (Windows NT 10.0; Win64; x64; rv:133.0) Gecko/20100101 Firefox/133.0" 
156.209.91.187 - - [07/Dec/2024:04:51:50 -0800] "GET /bootstrap/img/favicon.ico HTTP/1.1" 200 690 "http://www.secrepo.com/" "Mozilla/5.0 (Windows NT 10.0; Win64; x64; rv:133.0) Gecko/20100101 Firefox/133.0" 
51.222.253.9 - - [07/Dec/2024:04:52:32 -0800] "GET /self.logs/2015/access.log.2015-05-25.gz HTTP/1.1" 200 4600 "-" "Mozilla/5.0 (compatible; AhrefsBot/7.0; +http://ahrefs.com/robot/)" 
52.167.144.146 - - [07/Dec/2024:05:00:19 -0800] "GET /self.logs/error.log.2020-12-28 HTTP/1.1" 200 307 "-" "Mozilla/5.0 AppleWebKit/537.36 (KHTML, like Gecko; compatible; bingbot/2.0; +http://www.bing.com/bingbot.htm) Chrome/116.0.1938.76 Safari/537.36" 
51.222.253.12 - - [07/Dec/2024:05:00:47 -0800] "GET /self.logs/2015/access.log.2015-06-03.gz HTTP/1.1" 200 3414 "-" "Mozilla/5.0 (compatible; AhrefsBot/7.0; +http://ahrefs.com/robot/)" 
52.167.144.197 - - [07/Dec/2024:05:04:19 -0800] "GET /self.logs/error.log.2020-10-23 HTTP/1.1" 200 307 "-" "Mozilla/5.0 AppleWebKit/537.36 (KHTML, like Gecko; compatible; bingbot/2.0; +http://www.bing.com/bingbot.htm) Chrome/116.0.1938.76 Safari/537.36" 
51.222.253.8 - - [07/Dec/2024:05:05:25 -0800] "GET /self.logs/2015/access.log.2015-05-22.gz HTTP/1.1" 200 4747 "-" "Mozilla/5.0 (compatible; AhrefsBot/7.0; +http://ahrefs.com/robot/)" 
51.222.253.6 - - [07/Dec/2024:05:08:50 -0800] "GET /self.logs/2015/error.log.2015-09-04.gz HTTP/1.1" 200 2051 "-" "Mozilla/5.0 (compatible; AhrefsBot/7.0; +http://ahrefs.com/robot/)" 
36.99.136.132 - - [07/Dec/2024:05:09:07 -0800] "GET / HTTP/1.1" 200 13148 "-" "Mozilla/5.0 (Windows NT 10.0; Win64; x64) AppleWebKit/537.36 (KHTML, like Gecko) Chrome/92.0.4515.107 Safari/537.36" 
111.7.100.23 - - [07/Dec/2024:05:09:08 -0800] "GET / HTTP/1.1" 200 13148 "-" "Mozilla/5.0 (Windows NT 10.0; Win64; x64) AppleWebKit/537.36 (KHTML, like Gecko) Chrome/92.0.4515.107 Safari/537.36" 
111.7.100.20 - - [07/Dec/2024:05:09:10 -0800] "GET / HTTP/1.1" 200 13148 "-" "Mozilla/5.0 (Windows NT 10.0; Win64; x64) AppleWebKit/537.36 (KHTML, like Gecko) Chrome/92.0.4515.107 Safari/537.36" 
45.156.128.62 - - [07/Dec/2024:05:12:40 -0800] "GET / HTTP/1.1" 301 419 "-" "Mozilla/5.0 (Windows NT 10.0; WOW64) AppleWebKit/537.36 (KHTML, like Gecko) Chrome/66.0.3359.117 Safari/537.36" 
45.156.128.62 - - [07/Dec/2024:05:12:41 -0800] "GET / HTTP/1.1" 200 13141 "http://secrepo.com/" "Mozilla/5.0 (Windows NT 10.0; WOW64) AppleWebKit/537.36 (KHTML, like Gecko) Chrome/66.0.3359.117 Safari/537.36" 
51.222.253.3 - - [07/Dec/2024:05:17:05 -0800] "GET /self.logs/2015/error.log.2015-06-02.gz HTTP/1.1" 200 837 "-" "Mozilla/5.0 (compatible; AhrefsBot/7.0; +http://ahrefs.com/robot/)" 
103.131.71.208 - - [07/Dec/2024:05:18:56 -0800] "GET /robots.txt HTTP/1.1" 301 458 "-" "Mozilla/5.0 (compatible; coccocbot-image/1.0; +http://help.coccoc.com/searchengine)" 
103.131.71.208 - - [07/Dec/2024:05:18:59 -0800] "GET /robots.txt HTTP/1.1" 200 340 "-" "Mozilla/5.0 (compatible; coccocbot-image/1.0; +http://help.coccoc.com/searchengine)" 
216.244.66.245 - - [07/Dec/2024:05:19:28 -0800] "GET /robots.txt HTTP/1.1" 200 333 "-" "Mozilla/5.0 (compatible; DotBot/1.2; +https://opensiteexplorer.org/dotbot; help@moz.com)" 
134.122.133.171 - - [07/Dec/2024:05:20:50 -0800] "GET / HTTP/1.1" 301 475 "http://secrepo.com" "Sogou Push Spider/3.0(+http://www.sogou.com/docs/help/webmasters.htm#07\xa1\xe5)" 
134.122.133.171 - - [07/Dec/2024:05:20:51 -0800] "GET / HTTP/1.1" 200 49133 "http://secrepo.com" "Sogou Push Spider/3.0(+http://www.sogou.com/docs/help/webmasters.htm#07\xa1\xe5)" 
51.222.253.1 - - [07/Dec/2024:05:25:14 -0800] "GET /self.logs/2015/error.log.2015-12-31.gz HTTP/1.1" 200 669 "-" "Mozilla/5.0 (compatible; AhrefsBot/7.0; +http://ahrefs.com/robot/)" 
216.244.66.245 - - [07/Dec/2024:05:27:45 -0800] "GET /self.logs/access.log.2021-02-13.gz HTTP/1.1" 200 19424 "-" "Mozilla/5.0 (compatible; DotBot/1.2; +https://opensiteexplorer.org/dotbot; help@moz.com)" 
216.244.66.245 - - [07/Dec/2024:05:27:49 -0800] "GET /self.logs/access.log.2021-06-08.gz HTTP/1.1" 200 19213 "-" "Mozilla/5.0 (compatible; DotBot/1.2; +https://opensiteexplorer.org/dotbot; help@moz.com)" 
